main ai-app-before-release B 1 1665→1625 29s
main ai-app-before-release A 1 1665→1548 58s
main ai-app-before-release C 1 1665→1517 102s
main ai-code-stopped-working C 1 1423→1292 66s
main ai-code-stopped-working A 1 1423→1307 24s
main ai-code-stopped-working B 1 1423→1114 205s
main automation-what-stays-human A 1 1205→1073 44s
main automation-what-stays-human B 1 1205→1120 46s
main automation-what-stays-human C 1 1205→969 199s
main before-asking-for-estimate A 1 1678→1580 28s
main before-asking-for-estimate C 1 1678→1616 29s
main before-asking-for-estimate B 1 1678→1506 113s
main csv-to-sheet-automation B 1 1403→1284 65s
main csv-to-sheet-automation C 1 1403→1315 49s
main csv-to-sheet-automation A 1 1403→1251 56s
main diagnosis-what-you-get C 1 1797→1653 105s
main diagnosis-what-you-get A 1 1797→1697 28s
main diagnosis-what-you-get B 1 1797→1666 62s
main estimate-compare-five B 1 1348→1227 94s
main estimate-compare-five A 1 1348→1311 26s
main estimate-compare-five C 1 1348→1168 115s
main five-checks-before-accepting C 1 1255→1172 55s
main five-checks-before-accepting A 1 1255→1193 32s
main five-checks-before-accepting B 1 1255→983 230s
main inherited-without-spec C 1 1276→1142 52s
main inherited-without-spec A 1 1276→1189 25s
main inherited-without-spec B 1 1276→1212 22s
main nocode-fails-in-production C 1 1149→1067 20s
main nocode-fails-in-production B 1 1149→922 241s
main nocode-fails-in-production A 1 1149→1024 27s
main outsourced-unfinished B 1 1509→1389 85s
main outsourced-unfinished A 1 1509→1394 27s
main outsourced-unfinished C 1 1509→1395 69s
main paste-code-into-ai B 1 1762→1647 58s
main paste-code-into-ai A 1 1762→1688 30s
main paste-code-into-ai C 1 1762→1572 65s
main site-slow-measure-first C 1 1290→1018 110s
main site-slow-measure-first A 1 1290→1191 48s
main site-slow-measure-first B 1 1290→1159 99s
main vendor-unreachable B 1 1303→1232 50s
main vendor-unreachable A 1 1303→1232 25s
main vendor-unreachable C 1 1303→1225 28s
done
